EN test01_sw_led NULL "C:/Users/eidos/Desktop/CMOD C2/TEST01_SW_LED/TEST01_SW_LED.vhd" sub00/vhpl00 1615871427
AR test01_sw_led rtl "C:/Users/eidos/Desktop/CMOD C2/TEST01_SW_LED/TEST01_SW_LED.vhd" sub00/vhpl01 1615871342
AR test01_sw_led behavioral "C:/Users/eidos/Desktop/CMOD C2/TEST01_SW_LED/TEST01_SW_LED.vhd" sub00/vhpl02 1615871428
